\BOOKMARK [1][-]{section.1}{\376\377\000I\000n\000t\000r\000o\000d\000u\000c\000t\000i\000o\000n}{}% 1
\BOOKMARK [2][-]{subsection.1.1}{\376\377\000S\000u\000d\000o\000k\000u}{section.1}% 2
\BOOKMARK [3][-]{subsubsection.1.1.1}{\376\377\000C\000o\000m\000p\000l\000e\000x\000i\000t\000y\000\040\000o\000f\000\040\000G\000e\000n\000e\000r\000a\000l\000i\000z\000e\000d\000\040\000S\000u\000d\000o\000k\000u\000\040\000P\000r\000o\000b\000l\000e\000m}{subsection.1.1}% 3
\BOOKMARK [3][-]{subsubsection.1.1.2}{\376\377\000S\000u\000d\000o\000k\000u\000\040\000a\000s\000\040\000C\000S\000P}{subsection.1.1}% 4
\BOOKMARK [2][-]{subsection.1.2}{\376\377\000T\000h\000e\000\040\000B\000o\000o\000l\000e\000a\000n\000\040\000S\000a\000t\000i\000s\000f\000i\000a\000b\000i\000l\000i\000t\000y\000\040\000P\000r\000o\000b\000l\000e\000m}{section.1}% 5
\BOOKMARK [3][-]{subsubsection.1.2.1}{\376\377\000C\000o\000m\000p\000l\000e\000x\000i\000t\000y\000\040\000o\000f\000\040\000S\000A\000T}{subsection.1.2}% 6
\BOOKMARK [3][-]{subsubsection.1.2.2}{\376\377\000S\000A\000T\000\040\000S\000o\000l\000v\000e\000r\000s}{subsection.1.2}% 7
\BOOKMARK [2][-]{subsection.1.3}{\376\377\000J\000u\000s\000t\000i\000f\000i\000c\000a\000t\000i\000o\000n\000\040\000f\000o\000r\000\040\000S\000A\000T\000\040\000a\000p\000p\000r\000o\000a\000c\000h}{section.1}% 8
\BOOKMARK [1][-]{section.2}{\376\377\000M\000a\000t\000h\000e\000m\000a\000t\000i\000c\000a\000l\000\040\000F\000o\000r\000m\000u\000l\000a\000t\000i\000o\000n}{}% 9
\BOOKMARK [2][-]{subsection.2.1}{\376\377\000C\000o\000n\000j\000u\000n\000c\000t\000i\000v\000e\000\040\000N\000o\000r\000m\000a\000l\000\040\000F\000o\000r\000m}{section.2}% 10
\BOOKMARK [2][-]{subsection.2.2}{\376\377\000R\000e\000p\000r\000e\000s\000e\000n\000t\000a\000t\000i\000o\000n\000\040\000o\000f\000\040\000S\000u\000d\000o\000k\000u\000\040\000A\000s\000\040\000B\000o\000o\000l\000e\000a\000n\000\040\000E\000x\000p\000r\000e\000s\000s\000i\000o\000n\000\040\000\050\000C\000N\000F\000\051}{section.2}% 11
\BOOKMARK [3][-]{subsubsection.2.2.1}{\376\377\000D\000e\000f\000i\000n\000e\000d\000n\000e\000s\000s}{subsection.2.2}% 12
\BOOKMARK [3][-]{subsubsection.2.2.2}{\376\377\000U\000n\000i\000q\000u\000e\000n\000e\000s\000s}{subsection.2.2}% 13
\BOOKMARK [3][-]{subsubsection.2.2.3}{\376\377\000F\000i\000n\000a\000l\000\040\000F\000o\000r\000m\000u\000l\000a}{subsection.2.2}% 14
\BOOKMARK [1][-]{section.3}{\376\377\000I\000m\000p\000l\000e\000m\000e\000n\000t\000a\000t\000i\000o\000n}{}% 15
\BOOKMARK [2][-]{subsection.3.1}{\376\377\000C\000o\000m\000p\000u\000t\000e\000r\000\040\000R\000e\000p\000r\000e\000s\000e\000n\000t\000a\000t\000i\000o\000n}{section.3}% 16
\BOOKMARK [3][-]{subsubsection.3.1.1}{\376\377\000D\000I\000M\000A\000C\000S\000\040\000F\000o\000r\000m\000a\000t}{subsection.3.1}% 17
\BOOKMARK [2][-]{subsection.3.2}{\376\377\000M\000a\000p\000p\000i\000n\000g\000\040\000v\000a\000r\000i\000a\000b\000l\000e\000s\000\040\000t\000o\000\040\000i\000n\000t\000e\000g\000e\000r\000s}{section.3}% 18
\BOOKMARK [2][-]{subsection.3.3}{\376\377\000S\000o\000l\000u\000t\000i\000o\000n\000\040\000U\000s\000i\000n\000g\000\040\000S\000A\000T\000\040\000S\000o\000l\000v\000e\000r\000s}{section.3}% 19
\BOOKMARK [2][-]{subsection.3.4}{\376\377\000D\000u\000a\000l\000\040\000C\000N\000F\000\040\000E\000n\000c\000o\000d\000i\000n\000g}{section.3}% 20
\BOOKMARK [3][-]{subsubsection.3.4.1}{\376\377\000N\000a\000i\000v\000e\000\040\000\050\000F\000u\000l\000l\000\051\000\040\000E\000n\000c\000o\000d\000i\000n\000g\000\040}{subsection.3.4}% 21
\BOOKMARK [3][-]{subsubsection.3.4.2}{\376\377\000C\000o\000m\000p\000a\000c\000t\000\040\000E\000n\000c\000o\000d\000i\000n\000g\000\040\000'}{subsection.3.4}% 22
\BOOKMARK [1][-]{section.4}{\376\377\000E\000x\000p\000e\000r\000i\000m\000e\000n\000t\000a\000l\000\040\000S\000e\000t\000u\000p}{}% 23
\BOOKMARK [2][-]{subsection.4.1}{\376\377\000D\000a\000t\000a\000s\000e\000t}{section.4}% 24
\BOOKMARK [2][-]{subsection.4.2}{\376\377\000B\000e\000n\000c\000h\000m\000a\000r\000k\000\040\000P\000r\000o\000t\000o\000c\000o\000l}{section.4}% 25
\BOOKMARK [2][-]{subsection.4.3}{\376\377\000M\000e\000t\000r\000i\000c\000s}{section.4}% 26
\BOOKMARK [1][-]{section.5}{\376\377\000R\000e\000s\000u\000l\000t\000s}{}% 27
\BOOKMARK [2][-]{subsection.5.1}{\376\377\000S\000o\000l\000v\000e\000r\000\040\000P\000e\000r\000f\000o\000r\000m\000a\000n\000c\000e\000\040\000\050\000S\000o\000l\000v\000e\000-\000O\000n\000l\000y\000\040\000T\000i\000m\000e\000\051}{section.5}% 28
\BOOKMARK [2][-]{subsection.5.2}{\376\377\000E\000n\000d\000-\000t\000o\000-\000E\000n\000d\000\040\000P\000e\000r\000f\000o\000r\000m\000a\000n\000c\000e\000\040\000\050\000E\000n\000c\000o\000d\000i\000n\000g\000\040\000+\000\040\000S\000o\000l\000v\000e\000\051}{section.5}% 29
\BOOKMARK [2][-]{subsection.5.3}{\376\377\000C\000N\000F\000\040\000D\000u\000a\000l\000\040\000E\000n\000c\000o\000d\000i\000n\000g\000\040\000C\000o\000m\000p\000a\000r\000i\000s\000o\000n}{section.5}% 30
\BOOKMARK [2][-]{subsection.5.4}{\376\377\000S\000c\000a\000l\000i\000n\000g\000\040\000V\000i\000s\000u\000a\000l\000i\000z\000a\000t\000i\000o\000n}{section.5}% 31
\BOOKMARK [1][-]{section.6}{\376\377\000S\000t\000a\000t\000i\000s\000t\000i\000c\000a\000l\000\040\000A\000n\000a\000l\000y\000s\000i\000s}{}% 32
\BOOKMARK [2][-]{subsection.6.1}{\376\377\000M\000e\000t\000h\000o\000d\000o\000l\000o\000g\000y}{section.6}% 33
\BOOKMARK [2][-]{subsection.6.2}{\376\377\000W\000i\000l\000c\000o\000x\000o\000n\000\040\000S\000i\000g\000n\000e\000d\000-\000R\000a\000n\000k\000\040\000T\000e\000s\000t\000:\000\040\000B\000T\000\040\000v\000s\000.\000\040\000S\000A\000T\000\040\000C\000o\000m\000p\000a\000c\000t}{section.6}% 34
\BOOKMARK [2][-]{subsection.6.3}{\376\377\000F\000r\000i\000e\000d\000m\000a\000n\000\040\000T\000e\000s\000t\000:\000\040\000M\000u\000l\000t\000i\000-\000S\000o\000l\000v\000e\000r\000\040\000C\000o\000m\000p\000a\000r\000i\000s\000o\000n}{section.6}% 35
\BOOKMARK [2][-]{subsection.6.4}{\376\377\000S\000o\000l\000u\000t\000i\000o\000n\000\040\000C\000o\000r\000r\000e\000c\000t\000n\000e\000s\000s}{section.6}% 36
\BOOKMARK [1][-]{section.7}{\376\377\000D\000i\000s\000c\000u\000s\000s\000i\000o\000n}{}% 37
\BOOKMARK [2][-]{subsection.7.1}{\376\377\000E\000n\000c\000o\000d\000i\000n\000g\000\040\000O\000p\000t\000i\000m\000i\000z\000a\000t\000i\000o\000n\000\040\000i\000s\000\040\000C\000r\000i\000t\000i\000c\000a\000l}{section.7}% 38
\BOOKMARK [2][-]{subsection.7.2}{\376\377\000S\000A\000T\000\040\000v\000s\000.\000\040\000B\000a\000c\000k\000t\000r\000a\000c\000k\000i\000n\000g\000:\000\040\000A\000\040\000S\000i\000z\000e\000-\000D\000e\000p\000e\000n\000d\000e\000n\000t\000\040\000T\000r\000a\000d\000e\000-\000o\000f\000f}{section.7}% 39
\BOOKMARK [2][-]{subsection.7.3}{\376\377\000E\000n\000c\000o\000d\000i\000n\000g\000\040\000T\000i\000m\000e\000\040\000D\000o\000m\000i\000n\000a\000t\000e\000s\000\040\000E\0002\000E}{section.7}% 40
\BOOKMARK [2][-]{subsection.7.4}{\376\377\000S\000t\000a\000t\000i\000s\000t\000i\000c\000a\000l\000\040\000R\000i\000g\000o\000r}{section.7}% 41
\BOOKMARK [2][-]{subsection.7.5}{\376\377\000L\000i\000m\000i\000t\000a\000t\000i\000o\000n\000s}{section.7}% 42
\BOOKMARK [1][-]{section.8}{\376\377\000C\000o\000n\000c\000l\000u\000s\000i\000o\000n}{}% 43
\BOOKMARK [1][-]{appendix.A}{\376\377\000C\000o\000m\000p\000a\000c\000t\000\040\000E\000n\000c\000o\000d\000i\000n\000g\000\040\000\050\000s\000u\000d\000o\000k\000u\000\137\000t\000o\000\137\000c\000n\000f\000.\000p\000y\000\051}{}% 44
\BOOKMARK [1][-]{appendix.B}{\376\377\000N\000a\000i\000v\000e\000\040\000E\000n\000c\000o\000d\000i\000n\000g\000\040\000\050\000d\000u\000a\000l\000\137\000e\000n\000c\000o\000d\000e\000r\000.\000p\000y\000\051}{}% 45
\BOOKMARK [1][-]{appendix.C}{\376\377\000S\000o\000l\000u\000t\000i\000o\000n\000\040\000D\000e\000c\000o\000d\000e\000r}{}% 46
\BOOKMARK [1][-]{appendix.D}{\376\377\000C\000D\000C\000L\000\040\000S\000o\000l\000v\000e\000r\000\040\000C\000o\000r\000e\000\040\000\050\000C\000\051}{}% 47
\BOOKMARK [1][-]{appendix.E}{\376\377\000B\000e\000n\000c\000h\000m\000a\000r\000k\000\040\000O\000r\000c\000h\000e\000s\000t\000r\000a\000t\000i\000o\000n\000\040\000\050\000u\000n\000i\000f\000i\000e\000d\000\137\000b\000e\000n\000c\000h\000m\000a\000r\000k\000.\000p\000y\000\051}{}% 48
\BOOKMARK [1][-]{appendix.F}{\376\377\000S\000t\000a\000t\000i\000s\000t\000i\000c\000a\000l\000\040\000A\000n\000a\000l\000y\000s\000i\000s\000\040\000\050\000s\000t\000a\000t\000i\000s\000t\000i\000c\000a\000l\000\137\000a\000n\000a\000l\000y\000s\000i\000s\000.\000p\000y\000\051}{}% 49
